// Vitest Snapshot v1

exports[`should render 1`] = `
<div>
  <section
    class="photos"
  >
    <article
      class="tile"
    >
      <div
        class="image_lightbox photo"
      >
        <div>
          <div
            class="frame interactive hidden"
          >
            <img
              src="https://cxreiff.sfo3.cdn.digitaloceanspaces.com/photos/sm_photo_00.png"
            />
            <svg
              viewBox="0 0 1 1"
            />
          </div>
        </div>
      </div>
    </article>
  </section>
</div>
`;
