// Jest Snapshot v1, https://goo.gl/fbAQLP

exports[`should render 1`] = `
<div>
  <span>
    <button
      aria-label="change theme to red color scheme"
      class="lightmode_button current_theme"
    />
    <button
      aria-label="change theme to green color scheme"
      class="greenish_button"
    />
    <button
      aria-label="change theme to blue color scheme"
      class="bluish_button"
    />
  </span>
</div>
`;
