// Jest Snapshot v1, https://goo.gl/fbAQLP

exports[`should render 1`] = `
<div>
  <article
    class="card"
  >
    <div>
      <div
        class="image hidden"
      >
        <img
          src="test"
        />
        <svg
          viewBox="0 0 1.6 1"
        />
      </div>
    </div>
    <header>
      <h4>
        test
      </h4>
    </header>
    <footer>
      test
    </footer>
    <p>
      test
    </p>
  </article>
</div>
`;
