// Vitest Snapshot v1, https://vitest.dev/guide/snapshot.html

exports[`should render 1`] = `
<div>
  <article
    class="_card_9e273c"
  >
    <div>
      <div
        class="_frame_331539 _hidden_331539"
      >
        <img
          src="test"
        />
        <svg
          viewBox="0 0 1.6 1"
        />
      </div>
    </div>
    <header>
      <h4>
        test
      </h4>
    </header>
    <footer>
      test
    </footer>
    <p>
      test
    </p>
  </article>
</div>
`;
