// Jest Snapshot v1, https://goo.gl/fbAQLP

exports[`should render 1`] = `
<div>
  <section
    class="projects"
  >
    <article
      class="card card_clickable"
    >
      
      <header>
        <h4>
          pixi.js project
        </h4>
      </header>
      <footer>
        pixi.js
      </footer>
    </article>
    <article
      class="card card_clickable"
    >
      
      <header>
        <h4>
          babylon.js project
        </h4>
      </header>
      <footer>
        babylon.js
      </footer>
    </article>
  </section>
</div>
`;
