// Vitest Snapshot v1

exports[`should render 1`] = `
<div>
  <section
    class="_projects_b1d851"
  >
    <article
      class="_card_9e273c _card_clickable_9e273c"
    >
      <div>
        <div
          class="_frame_331539 _hidden_331539"
        >
          <img
            src="/src/assets/svg/pixijs.svg"
          />
          <svg
            viewBox="0 0 1.6 1"
          />
        </div>
      </div>
      <header>
        <h4>
          asteroids game
        </h4>
      </header>
      <footer>
        pixi.js, matter.js
      </footer>
    </article>
    <article
      class="_card_9e273c _card_clickable_9e273c"
    >
      <div>
        <div
          class="_frame_331539 _hidden_331539"
        >
          <img
            src="/src/assets/svg/babylonjs.svg"
          />
          <svg
            viewBox="0 0 1.6 1"
          />
        </div>
      </div>
      <header>
        <h4>
          babylon.js project
        </h4>
      </header>
      <footer>
        babylon.js
      </footer>
    </article>
    <article
      class="_card_9e273c _card_clickable_9e273c"
    >
      <div>
        <div
          class="_frame_331539 _hidden_331539"
        >
          <img
            src="/src/assets/svg/bevy.svg"
          />
          <svg
            viewBox="0 0 1.6 1"
          />
        </div>
      </div>
      <header>
        <h4>
          bevy project
        </h4>
      </header>
      <footer>
        rust, WASM, bevy
      </footer>
    </article>
  </section>
</div>
`;
