// Vitest Snapshot v1

exports[`should render 1`] = `
<div>
  <p
    class="_paragraph_3d2a92"
  >
    <span
      class="_icon_3d2a92"
    >
      <svg
        class="lucide lucide-moon"
        fill="none"
        height="24"
        role="img"
        stroke="currentColor"
        stroke-linecap="round"
        stroke-linejoin="round"
        stroke-width="2"
        viewBox="0 0 24 24"
        width="24"
        xmlns="http://www.w3.org/2000/svg"
      >
        <path
          d="M12 3a6.364 6.364 0 0 0 9 9 9 9 0 1 1-9-9Z"
        />
      </svg>
    </span>
    <span
      class="_content_3d2a92"
    >
      TEST
    </span>
  </p>
</div>
`;
