// Vitest Snapshot v1, https://vitest.dev/guide/snapshot.html

exports[`should render 1`] = `
<div>
  <p
    class="_paragraph_3d2a92"
  >
    <span
      class="_icon_3d2a92"
    >
      <undefined
        role="img"
      />
    </span>
    <span
      class="_content_3d2a92"
    >
      TEST
    </span>
  </p>
</div>
`;
