// Jest Snapshot v1, https://goo.gl/fbAQLP

exports[`should render 1`] = `
<div>
  <section
    class="homepage"
  >
    <div
      class="frame image hidden"
    >
      <img
        alt="image of site author Jax Reiff"
        class="content"
        src="https://jaxreiff-static.sfo3.cdn.digitaloceanspaces.com/assets/aboutme.png"
      />
      <svg
        viewBox="0 0 1.5 1"
      />
    </div>
    <div
      class="aboutme"
    >
      <header>
        <h1>
          About Me
        </h1>
        <span
          class="theme_buttons"
        >
          <button
            aria-label="change theme to red color scheme"
            class="lightmode_button current_theme"
          />
          <button
            aria-label="change theme to green color scheme"
            class="greenish_button"
          />
          <button
            aria-label="change theme to blue color scheme"
            class="bluish_button"
          />
        </span>
      </header>
      <p>
        Hello! I am a software engineer specializing in front-end development. I have experience building clients with tools like TypeScript and React, and have expertise across the full stack as well.
      </p>
      <p>
        This is my personal site, where I've put photos, writing, and various projects I've been working on.
      </p>
      <p>
        The site itself also serves as an example (and test environment) of some of my preferred front-end technologies, libraries, and approaches. The source code for the site is publically available at its 
        <a
          href="https://github.com/jaxreiff/jaxreiff.github.io"
        >
          repository
        </a>
        , and links to resources and libraries that I have found useful building the site can be found in this 
        <a
          href="#/posts/portfolio-site-design"
        >
          post
        </a>
        .
      </p>
      <br />
      <p
        class="paragraph"
      >
        <span
          class="icon"
        >
          <svg
            class="lucide lucide-file-text"
            fill="none"
            height="24"
            stroke="currentColor"
            stroke-linecap="round"
            stroke-linejoin="round"
            stroke-width="2"
            viewBox="0 0 24 24"
            width="24"
            xmlns="http://www.w3.org/2000/svg"
          >
            <path
              d="M14.5 2H6a2 2 0 0 0-2 2v16a2 2 0 0 0 2 2h12a2 2 0 0 0 2-2V7.5L14.5 2z"
            />
            <polyline
              points="14 2 14 8 20 8"
            />
            <line
              x1="16"
              x2="8"
              y1="13"
              y2="13"
            />
            <line
              x1="16"
              x2="8"
              y1="17"
              y2="17"
            />
            <line
              x1="10"
              x2="8"
              y1="9"
              y2="9"
            />
          </svg>
        </span>
        <span
          class="content"
        >
          My full-stack development resume can be found 
          <a
            href="https://jaxreiff.com/resume/resume.pdf#toolbar=0"
          >
            here
          </a>
          .
        </span>
      </p>
      <p
        class="paragraph"
      >
        <span
          class="icon"
        >
          <svg
            class="lucide lucide-github"
            fill="none"
            height="24"
            stroke="currentColor"
            stroke-linecap="round"
            stroke-linejoin="round"
            stroke-width="2"
            viewBox="0 0 24 24"
            width="24"
            xmlns="http://www.w3.org/2000/svg"
          >
            <path
              d="M15 22V18C15.14 16.75 14.78 15.49 14 14.5C17 14.5 20 12.5 20 9C20.08 7.75 19.73 6.52 19 5.5C19.28 4.35 19.28 3.15 19 2C19 2 18 2 16 3.5C13.36 3 10.64 3 8 3.5C6 2 5 2 5 2C4.7 3.15 4.7 4.35 5 5.5C4.27 6.52 3.92 7.75 4 9C4 12.5 7 14.5 10 14.5C9.61 14.99 9.32 15.55 9.15 16.15C8.98 16.75 8.93 17.38 9 18V22"
            />
            <path
              d="M9 18c-4.51 2-5-2-7-2"
            />
          </svg>
        </span>
        <span
          class="content"
        >
          My GitHub profile can be found 
          <a
            href="https://github.com/jaxreiff"
          >
            here
          </a>
          .
        </span>
      </p>
    </div>
  </section>
</div>
`;
