// Vitest Snapshot v1

exports[`should render 1`] = `
<div>
  <article
    class="_card_9e273c _card_clickable_9e273c"
  >
    <header>
      <h4>
        test
      </h4>
    </header>
    <footer>
      <time>
        Tue Dec 31 2019
      </time>
    </footer>
    <p>
      test
    </p>
  </article>
</div>
`;
