// Jest Snapshot v1, https://goo.gl/fbAQLP

exports[`should render 1`] = `
<div>
  <section>
    <article
      class="card card_clickable"
    >
      <header>
        <h4>
          Portfolio site approach and design
        </h4>
      </header>
      <footer>
        Mon May 31 2021
      </footer>
      <p>
        Frameworks, structure, tradeoffs, and my development, testing, build, and deploy process.
      </p>
    </article>
  </section>
</div>
`;
